PACKAGE_NET48_UI_OK=FastBatchPlot - CAD批打印（PDF）
PACKAGE_NET48_PDF_OPTIONS_UI_OK=AutoCAD
PACKAGE_NET48_PDF_OPTIONS_UI_OK=ZWCAD
PACKAGE_NET48_HISTORY_OK=E:\366256\vibecoding\批打印-new\artifacts\FastBatchPlot-20260920-195605-120\AutoCAD2018\FastBatchPlot.bundle\Contents
PACKAGE_NET48_PDF_OK=E:\366256\vibecoding\批打印-new\artifacts\FastBatchPlot-20260920-195605-120\AutoCAD2018\FastBatchPlot.bundle\Contents
PACKAGE_NET48_PDF_OK=E:\366256\vibecoding\批打印-new\artifacts\FastBatchPlot-20260920-195605-120\AutoCAD2018\FastBatchPlot.bundle\Contents
ACAD_MERGE_OK=DWG To PDF
ACAD_MERGE_OK=AutoCAD PDF (General Documentation)
ACAD_MERGE_OK=AutoCAD PDF (High Quality Print)
ACAD_MERGE_OK=AutoCAD PDF (Smallest File)
ACAD_MERGE_OK=AutoCAD PDF (Web and Mobile)
PDF_OPTIONS_OK=DWG to PDF
PDF_OPTIONS_OK=ZWCAD PDF(General Documentation)
PDF_OPTIONS_OK=ZWCAD PDF(High Quality Print)
PDF_OPTIONS_OK=ZWCAD PDF(Smallest File)
PDF_OPTIONS_OK=ZWCAD PDF(Web and Mobile)
PDF_OPTIONS_OK=AutoCAD General Documentation
PACKAGE_NET48_UI_OK=FastBatchPlot - CAD批打印（PDF）
PACKAGE_NET48_PDF_OPTIONS_UI_OK=AutoCAD
PACKAGE_NET48_PDF_OPTIONS_UI_OK=ZWCAD
PACKAGE_NET48_HISTORY_OK=E:\366256\vibecoding\批打印-new\artifacts\FastBatchPlot-20260920-195605-120\ZWCAD2026\Contents
PACKAGE_NET48_PDF_OK=E:\366256\vibecoding\批打印-new\artifacts\FastBatchPlot-20260920-195605-120\ZWCAD2026\Contents
PACKAGE_NET48_PDF_OK=E:\366256\vibecoding\批打印-new\artifacts\FastBatchPlot-20260920-195605-120\ZWCAD2026\Contents
ACAD_MERGE_OK=DWG To PDF
ACAD_MERGE_OK=AutoCAD PDF (General Documentation)
ACAD_MERGE_OK=AutoCAD PDF (High Quality Print)
ACAD_MERGE_OK=AutoCAD PDF (Smallest File)
ACAD_MERGE_OK=AutoCAD PDF (Web and Mobile)
PDF_OPTIONS_OK=DWG to PDF
PDF_OPTIONS_OK=ZWCAD PDF(General Documentation)
PDF_OPTIONS_OK=ZWCAD PDF(High Quality Print)
PDF_OPTIONS_OK=ZWCAD PDF(Smallest File)
PDF_OPTIONS_OK=ZWCAD PDF(Web and Mobile)
PDF_OPTIONS_OK=AutoCAD General Documentation
