通过：表头排序保留行与对象绑定
通过：排序后勾选作用于显示对象
通过：排序后编辑作用于显示对象
通过：手工文件名经刷新与排序保留
通过：标准纸张可完整切换
通过：纸张尺寸同步更新
通过：纸张对象不共享全局可变引用
通过：未知图幅不伪装有效纸张
通过：离线行选择定位到目标对象
通过：排序后的删除作用于指定对象
通过：单图列表重新排序不丢失
通过：混合块名、多段线及小图幅联合保留
通过：指定块无匹配时严格为空
通过：输出限定在指定目录
通过：拒绝重复输出名
通过：拒绝路径逃逸
通过：拒绝 Windows 保留名称
通过：拒绝覆盖既有成果
通过：打印时禁止修改任务与重复启动
通过：打印时阻止关闭窗口
通过：任务结束恢复交互
通过：两点添加范围追加到列表，不覆盖已有图纸
通过：手工追加保留已有人工文件名
通过：两点模式传给宿主且分配不重复标识
通过：手工追加保留来源文档和空间
通过：手工范围的小数比例在表格显示中保持精度
通过：非标手工范围保留按比例换算的实际纸张尺寸
通过：图集添加独立传递模式并继续追加
通过：取消手工范围不删除或重排既有图纸
通过：宿主手工选择异常保留列表、恢复窗口并显示失败原因
通过：自动搜索只采集一次统一快照，不调用旧双扫描接口
通过：面积阈值0%同时保留混合来源的A0和A4图框
通过：自动搜索向用户展示快照采集警告数量
通过：修改面积阈值不立即丢弃当前列表
通过：面积阈值10%在下次搜索过滤不足最大面积十分之一的A4
通过：每次搜索各采集一个快照
通过：快照采集失败保留上次有效列表
通过：点选图层更新筛选提示且保留当前列表
通过：取消图层点选保留原筛选条件
通过：图层筛选忽略大小写、同时约束块和多段线，并在嵌套去重前保留指定层内框
通过：图层筛选经自动搜索入口实际约束生成列表
通过：面积阈值控件接受并传递一位小数
通过：保存默认设置将界面值写入显式指定的隔离文件
通过：重新创建表单恢复指定打印设备和样式
通过：设置恢复将小数面积阈值同步到控件和筛选逻辑
通过：默认设置往返保留两位小数的负留白
通过：默认设置往返保留排序、输出目录、命名和合并设置
通过：原设备已移除时清空选择并明确提示重新选择
通过：损坏偏好不会被表单构造覆盖，界面报告读取失败
通过：空配置路径的离线表单拒绝写用户默认设置
通过：模板提取更新字段和优先级
通过：模板提取后人工文件名保留
通过：采集失败保留该页原信息并显示原因
通过：部分提取失败在汇总中明确报告
通过：模板提取刷新非人工输出名
通过：拾取区域更新选中字段并清除标签规则
通过：模板编辑提交保留本地区域坐标
通过：取消前模板编辑不污染调用方原库
通过：字段表禁止排序，避免区域与字段错配
通过：模板最小窗口保留可用字段编辑区域
通过：编辑器保存操作实际写入模板库并返回成功
通过：PNG 输出禁用 PDF 合并及份数
通过：实体打印机启用份数并禁用文件目录
通过：打印结束恢复当前模式，不能重新启用不适用的文件选项
通过：返回 PDF 模式恢复文件设置并把份数归一
通过：设备任务走独立接口并传递份数，不要求生成文件
通过：文件模式拒绝引擎返回成功但没有新文件
通过：分派前拒绝覆盖已有文件
通过：目录设置提供17种字段，禁用表头排序防止错配
通过：上移目录列时字段和列宽保持绑定
通过：目录默认仅导出勾选页且包含统计
通过：实际产品导出器生成可供独立复核的中文目录工作簿
通过：表头排序后移动作用于可见行，切换为跨布局手动顺序
通过：手动顺序经刷新保持，人工文件名不被覆盖
通过：应用重编更新选定对象和自动文件名
通过：撤销重编恢复原图号并保留人工文件名
通过：重复图号及文件名在正确对象行标红并提供原因
通过：冲突消除后清理旧标记
通过：修改命名模板后立即刷新生成文件名的重复提示
通过：重编窗口输入实时生成预览且不修改图纸
通过：预览与未重编图号冲突时禁止应用
通过：扫描范围传给支持布局的宿主：CurrentSpace
通过：扫描范围传给支持布局的宿主：Model
通过：扫描范围传给支持布局的宿主：AllLayouts
通过：扫描范围传给支持布局的宿主：ModelAndLayouts
通过：布局宿主每次搜索仅采集一次快照
通过：不同布局同坐标图框保留，并按布局顺序排列
通过：布局列显示来源布局且不可编辑
通过：插入布局展示列后原文件名编辑仍作用于正确对象
通过：跨布局采集异常保留原列表和人工名
通过：取消当前空间框选保留跨布局列表
通过：框选异常保留跨布局列表并恢复窗口
通过：打印预检允许同文档内仍存在的其他布局，不要求当前空间
通过：来源文档或布局失效时打印预检拒绝
通过：跨布局定位仍安全拒绝，不调用宿主缩放
通过：旧宿主选择跨布局范围时明确拒绝并保留列表，不静默回退
通过：旧宿主仍按当前空间校验，不能越过来源限制
通过：旧宿主当前空间有效图框可通过预检
通过：旧宿主当前空间搜索保持兼容
通过：最小窗口搜索范围控件完整可见
通过：右键菜单提供 DWG 拆分入口
通过：离线宿主拒绝调用真实 CAD 拆分
通过：拆分失败停止后续页并保留已成功文件
通过：拆分结果逐行区分成功失败与未执行
通过：宿主未输出文件时不报告成功
通过：存在预检错误时禁止确认拆分
通过：四边留白窗口保留独立边值
通过：四边留白预览显示扩展后纸张尺寸
通过：固定纸张模式预览显示实际缩小比例
通过：统一留白模式禁用四边数值避免混淆
通过：独立留白模式禁用主窗口统一数值
通过：重新打开主界面恢复四边留白与模式
通过：任务执行时禁止修改四边留白
通过：任务结束恢复当前留白模式控件状态
通过：写回预览通过唯一目标后才能应用
通过：写回预览保留源图原值及新值
通过：编辑预览条件后清除旧计划并禁用写入
通过：宿主旧值冲突时整批写回报错
通过：写回失败不更新列表信息
通过：写回成功后更新列表并说明DWG未保存
通过：成功写回保留最近一次撤销计划
通过：列表菜单提供标题栏写回入口
通过：消息循环在页间接收取消，不提交下一页
通过：逐页 CAD 分派始终在原 UI 线程执行
通过：取消后准确区分已提交和未提交行
通过：结束后关闭取消按钮且取消批次禁止合并
通过：页间文档上下文失效时停止设备提交
通过：最小窗口取消任务按钮可见且不被裁剪
通过：最小窗口控件边界有效：btnStartPlot
通过：最小窗口控件边界有效：txtMergedFileName
通过：最小窗口控件边界有效：lblStatus
通过：最小窗口控件边界有效：lblStats
离线 UI 回归通过，共 132 项；没有连接或操作 CAD。
