  正在确定要还原的项目…
  所有项目均是最新的，无法还原。
  FastBatchPlot.Core -> E:\366256\vibecoding\批打印-new\src\FastBatchPlot.Core\bin\Release\netstandard2.0\FastBatchPlot.Core.dll
  FastBatchPlot.FrameworkChecks -> E:\366256\vibecoding\批打印-new\src\FastBatchPlot.FrameworkChecks\bin\Release\net48\FastBatchPlot.FrameworkChecks.exe
  FastBatchPlot.CadBridge -> E:\366256\vibecoding\批打印-new\src\FastBatchPlot.CadBridge\bin\Release\netstandard2.0\FastBatchPlot.CadBridge.dll
  FastBatchPlot.UI -> E:\366256\vibecoding\批打印-new\src\FastBatchPlot.UI\bin\Release\net48\FastBatchPlot.UI.dll
  FastBatchPlot.Core -> E:\366256\vibecoding\批打印-new\src\FastBatchPlot.Core\bin\Release\net8.0\FastBatchPlot.Core.dll
  FastBatchPlot.CadBridge -> E:\366256\vibecoding\批打印-new\src\FastBatchPlot.CadBridge\bin\Release\net8.0\FastBatchPlot.CadBridge.dll
  FastBatchPlot.Cli -> E:\366256\vibecoding\批打印-new\src\FastBatchPlot.Cli\bin\Release\net8.0\PlotMerger.dll
  FastBatchPlot.ZWCAD -> E:\366256\vibecoding\批打印-new\src\FastBatchPlot.ZWCAD\bin\Release\net48\FastBatchPlot.ZWCAD.dll
  FastBatchPlot.AutoCAD -> E:\366256\vibecoding\批打印-new\src\FastBatchPlot.AutoCAD\bin\Release\net48\FastBatchPlot.AutoCAD.dll
  FastBatchPlot.Tests -> E:\366256\vibecoding\批打印-new\src\FastBatchPlot.Tests\bin\Release\net8.0\FastBatchPlot.Tests.dll
  FastBatchPlot.UI -> E:\366256\vibecoding\批打印-new\src\FastBatchPlot.UI\bin\Release\net8.0-windows\FastBatchPlot.UI.dll
E:\366256\vibecoding\批打印-new\src\FastBatchPlot.UiChecks\PdfScopeUiChecks.cs(42,84): warning CS8602: 解引用可能出现空引用。 [E:\366256\vibecoding\批打印-new\src\FastBatchPlot.UiChecks\FastBatchPlot.UiChecks.csproj]
  FastBatchPlot.UiChecks -> E:\366256\vibecoding\批打印-new\src\FastBatchPlot.UiChecks\bin\Release\net8.0-windows\FastBatchPlot.UiChecks.dll

已成功生成。

E:\366256\vibecoding\批打印-new\src\FastBatchPlot.UiChecks\PdfScopeUiChecks.cs(42,84): warning CS8602: 解引用可能出现空引用。 [E:\366256\vibecoding\批打印-new\src\FastBatchPlot.UiChecks\FastBatchPlot.UiChecks.csproj]
    1 个警告
    0 个错误

已用时间 00:00:10.62
