通过：表头排序保留行与对象绑定
通过：排序后勾选作用于显示对象
通过：排序后编辑作用于显示对象
通过：手工文件名经刷新与排序保留
通过：标准纸张可完整切换
通过：纸张尺寸同步更新
通过：纸张对象不共享全局可变引用
通过：未知图幅不伪装有效纸张
通过：离线行选择定位到目标对象
通过：排序后的删除作用于指定对象
通过：单图列表重新排序不丢失
通过：混合块名、多段线及小图幅联合保留
通过：指定块无匹配时严格为空
通过：输出限定在指定目录
通过：拒绝重复输出名
通过：拒绝路径逃逸
通过：拒绝 Windows 保留名称
通过：拒绝覆盖既有成果
通过：打印时禁止修改任务与重复启动
通过：打印时阻止关闭窗口
通过：任务结束恢复交互
通过：两点添加范围追加到列表，不覆盖已有图纸
通过：手工追加保留已有人工文件名
通过：两点模式传给宿主且分配不重复标识
通过：手工追加保留来源文档和空间
通过：手工范围的小数比例在表格显示中保持精度
通过：非标手工范围保留按比例换算的实际纸张尺寸
通过：图集添加独立传递模式并继续追加
通过：取消手工范围不删除或重排既有图纸
通过：宿主手工选择异常保留列表、恢复窗口并显示失败原因
通过：自动搜索只采集一次统一快照，不调用旧双扫描接口
通过：面积阈值0%同时保留混合来源的A0和A4图框
通过：自动搜索向用户展示快照采集警告数量
通过：修改面积阈值不立即丢弃当前列表
通过：面积阈值10%在下次搜索过滤不足最大面积十分之一的A4
通过：每次搜索各采集一个快照
通过：快照采集失败保留上次有效列表
通过：点选图层更新筛选提示且保留当前列表
通过：取消图层点选保留原筛选条件
通过：图层筛选忽略大小写、同时约束块和多段线，并在嵌套去重前保留指定层内框
通过：图层筛选经自动搜索入口实际约束生成列表
通过：面积阈值控件接受并传递一位小数
通过：保存默认设置将界面值写入显式指定的隔离文件
通过：重新创建表单恢复指定打印设备和样式
通过：设置恢复将小数面积阈值同步到控件和筛选逻辑
通过：默认设置往返保留两位小数的负留白
通过：默认设置往返保留排序、命名和合并，不启用签章图层隐藏
通过：旧签章图层映射不会带入PDF工作流
通过：原设备已移除时清空选择并明确提示重新选择
通过：损坏偏好不会被表单构造覆盖，界面报告读取失败
通过：空配置路径的离线表单拒绝写用户默认设置
通过：模板提取更新字段和优先级
通过：模板提取后人工文件名保留
通过：采集失败保留该页原信息并显示原因
通过：部分提取失败在汇总中明确报告
通过：模板提取刷新非人工输出名
通过：拾取区域更新选中字段并清除标签规则
通过：模板编辑提交保留本地区域坐标
通过：取消前模板编辑不污染调用方原库
通过：字段表禁止排序，避免区域与字段错配
通过：模板最小窗口保留可用字段编辑区域
通过：编辑器保存操作实际写入模板库并返回成功
通过：PNG 输出禁用 PDF 合并及份数
通过：实体打印机启用份数并禁用文件目录
通过：打印结束恢复当前模式，不能重新启用不适用的文件选项
通过：返回 PDF 模式恢复文件设置并把份数归一
通过：设备任务走独立接口并传递份数，不要求生成文件
通过：文件模式拒绝引擎返回成功但没有新文件
通过：分派前拒绝覆盖已有文件
通过：目录设置提供17种字段，禁用表头排序防止错配
通过：上移目录列时字段和列宽保持绑定
通过：目录默认仅导出勾选页且包含统计
通过：实际产品导出器生成可供独立复核的中文目录工作簿
通过：表头排序后移动作用于可见行，切换为跨布局手动顺序
通过：手动顺序经刷新保持，人工文件名不被覆盖
通过：应用重编更新选定对象和自动文件名
通过：撤销重编恢复原图号并保留人工文件名
通过：重复图号及文件名在正确对象行标红并提供原因
通过：冲突消除后清理旧标记
通过：修改命名模板后立即刷新生成文件名的重复提示
通过：重编窗口输入实时生成预览且不修改图纸
通过：预览与未重编图号冲突时禁止应用
通过：扫描范围传给支持布局的宿主：CurrentSpace
通过：扫描范围传给支持布局的宿主：Model
通过：扫描范围传给支持布局的宿主：AllLayouts
通过：扫描范围传给支持布局的宿主：ModelAndLayouts
通过：布局宿主每次搜索仅采集一次快照
通过：不同布局同坐标图框保留，并按布局顺序排列
通过：布局列显示来源布局且不可编辑
通过：插入布局展示列后原文件名编辑仍作用于正确对象
通过：跨布局采集异常保留原列表和人工名
通过：取消当前空间框选保留跨布局列表
通过：框选异常保留跨布局列表并恢复窗口
通过：打印预检允许同文档内仍存在的其他布局，不要求当前空间
通过：来源文档或布局失效时打印预检拒绝
通过：跨布局定位仍安全拒绝，不调用宿主缩放
通过：旧宿主选择跨布局范围时明确拒绝并保留列表，不静默回退
通过：旧宿主仍按当前空间校验，不能越过来源限制
通过：旧宿主当前空间有效图框可通过预检
通过：旧宿主当前空间搜索保持兼容
通过：最小窗口搜索范围控件完整可见
通过：右键菜单提供 DWG 拆分入口
通过：离线宿主拒绝调用真实 CAD 拆分
通过：拆分失败停止后续页并保留已成功文件
通过：拆分结果逐行区分成功失败与未执行
通过：宿主未输出文件时不报告成功
通过：存在预检错误时禁止确认拆分
通过：四边留白窗口保留独立边值
通过：四边留白预览显示扩展后纸张尺寸
通过：固定纸张模式预览显示实际缩小比例
通过：统一留白模式禁用四边数值避免混淆
通过：独立留白模式禁用主窗口统一数值
通过：重新打开主界面恢复四边留白与模式
通过：任务执行时禁止修改四边留白
通过：任务结束恢复当前留白模式控件状态
通过：写回预览通过唯一目标后才能应用
通过：写回预览保留源图原值及新值
通过：编辑预览条件后清除旧计划并禁用写入
通过：宿主旧值冲突时整批写回报错
通过：写回失败不更新列表信息
通过：写回成功后更新列表并说明DWG未保存
通过：成功写回保留最近一次撤销计划
通过：列表菜单提供标题栏写回入口
通过：消息循环在页间接收取消，不提交下一页
通过：逐页 CAD 分派始终在原 UI 线程执行
通过：取消后准确区分已提交和未提交行
通过：结束后关闭取消按钮且取消批次禁止合并
通过：页间文档上下文失效时停止设备提交
通过：最小窗口取消任务按钮可见且不被裁剪
通过：预览返回后恢复主窗口和关闭状态
通过：预览使用任务快照并在隐藏主窗口期间只调用预览接口
通过：预览清除旧附加印章且不隐藏原图签章层，与正式任务共用配置入口
通过：PDF主窗口无签章开关、图层映射或印章管理可见入口
通过：PDF主窗口右键菜单不包含印章库或附加印章入口
通过：图框模板窗口不再提供主章或注册章区域编辑入口
通过：缺失打印样式时拒绝提交，避免默用布局样式
通过：PDF设置捕获不受旧损坏库、失效选择或旧图层映射阻断
通过：PDF设置捕获清除两槽历史图片及授权凭据
通过：PDF设置捕获清除历史附加印章选择并停用两槽
通过：PDF流程尊重原图内容，不因历史开关强制隐藏签名或印章图层
通过：仅保留底层兼容映射默认值，不沿用旧无效图层名称
通过：清理过时选择不修改、修复或创建历史印章库文件
通过：PDF图框准备无需CAD宿主或库访问，清除任务副本的全部附加印章定位
通过：PDF图框准备不污染原列表对象的兼容字段
通过：PDF图框准备深复制纸张、标题和裁切区域，保留打印相关快照隔离
通过：修改PDF任务副本不会改变原列表纸张和标题
通过：PDF任务历史显示全部记录且仅允许单行只读选择
通过：PDF任务历史名称、创建时间、状态对应输入记录
通过：历史窗未确认前不提交任务路径
通过：损坏历史行明确显示完整错误并禁用查看
通过：直接触发损坏行查看也不能返回成功或关闭窗口
通过：选择有效历史行启用查看并显示对应任务路径
通过：查看有效历史仅返回所选路径，且隔离调用方后续修改
通过：空历史列表禁用查看并显示空状态
通过：空列表即使触发查看也不返回任务
通过：历史记录缺少路径时禁用查看
通过：无路径历史不能产生虚假成功选择
通过：PDF历史最小窗口控件完整可见：tasks
通过：PDF历史最小窗口控件完整可见：details
通过：PDF历史最小窗口控件完整可见：view
通过：PDF历史最小窗口控件完整可见：cancel
通过：取消历史窗口不返回待查看任务
通过：历史列表查看及取消不读取存在性、不创建记录或PDF输出
通过：PDF任务详情提供只读逐页七列信息，不允许修改任务
通过：PDF任务详情按原快照显示序号、图号、图名及纸张比例
通过：失败页显示状态、完整错误和单页输出路径
通过：任务详情显示原设备样式、输出目录、记录时间及合并错误
通过：存在未完成页仅允许明确点击重试，Enter不绑定输出动作
通过：详情直接说明原设置复用、源会话限制、外部文件盲区和不覆盖规则
通过：PDF详情最小窗口控件完整可见：summary
通过：PDF详情最小窗口控件完整可见：pages
通过：PDF详情最小窗口控件完整可见：pageDetails
通过：PDF详情最小窗口控件完整可见：instructions
通过：PDF详情最小窗口控件完整可见：retry
通过：PDF详情最小窗口控件完整可见：merge
通过：PDF详情最小窗口控件完整可见：close
通过：未完成任务即使直接触发合并也不返回允许
通过：重试按钮只返回请求，不自动改任务状态或打印
通过：全部单页成功且原配置启用合并时只允许合并
通过：全部成功任务不能直接触发重试
通过：合并按钮只返回明确请求，不检查文件、不改变任务状态
通过：已合并成功任务禁止重复合并与重试，避免覆盖
通过：已合并成功任务不能绕过禁用按钮请求覆盖
通过：原任务未启用合并时详情不扩展任务范围
通过：缺少原合并目标路径时不允许合并
通过：未完成状态只允许重试请求：Pending
通过：未完成状态只允许重试请求：Running
通过：未完成状态只允许重试请求：Cancelled
通过：未完成状态只允许重试请求：NotSubmitted
通过：详情关闭返回取消，不自动重试或合并
通过：任务详情操作不创建历史记录或任何PDF输出
通过：真实首次任务入口在打印前落盘全部待执行页及来源版本，尚未生成任何 PDF
通过：首次任务第 1 页在假宿主调用前持久化运行中状态
通过：首次任务第 2 页在假宿主调用前持久化运行中状态
通过：首次任务进入第二页前已持久化第一成功页的实际摘要
通过：首次逐页输出通过实际记录钩子落盘成功文件摘要与大小
通过：首次逐页失败原因准确持久化，失败页不伪造成功摘要或允许完整合并
通过：首次任务记录收尾释放运行锁，后续恢复不被旧锁阻塞
通过：恢复任务只向假宿主提交失败和取消页，不重复输出成功页
通过：重试使用原任务设备、样式和留白，当前主窗设置不能替代任务快照
通过：重试及合并前后原成功单页内容摘要不变
通过：恢复结果持久化全部成功页和真实合并文件摘要
通过：重合并包含原成功页与新页，保持完整原始顺序和各页毫米尺寸
通过：恢复后的完整合并书签保持原图纸顺序
通过：恢复完成摘要与成果一致并恢复列表控件
通过：拒绝无法安全恢复的历史条件：revision
通过：恢复校验失败时零 CAD 页面调用且不生成合并文件：revision
通过：恢复前置校验不改历史、不覆盖未知已有文件：revision
通过：拒绝无法安全恢复的历史条件：session
通过：恢复校验失败时零 CAD 页面调用且不生成合并文件：session
通过：恢复前置校验不改历史、不覆盖未知已有文件：session
通过：拒绝无法安全恢复的历史条件：device
通过：恢复校验失败时零 CAD 页面调用且不生成合并文件：device
通过：恢复前置校验不改历史、不覆盖未知已有文件：device
通过：拒绝无法安全恢复的历史条件：style
通过：恢复校验失败时零 CAD 页面调用且不生成合并文件：style
通过：恢复前置校验不改历史、不覆盖未知已有文件：style
通过：拒绝无法安全恢复的历史条件：changed-success
通过：恢复校验失败时零 CAD 页面调用且不生成合并文件：changed-success
通过：恢复前置校验不改历史、不覆盖未知已有文件：changed-success
通过：拒绝无法安全恢复的历史条件：occupied-pending
通过：恢复校验失败时零 CAD 页面调用且不生成合并文件：occupied-pending
通过：恢复前置校验不改历史、不覆盖未知已有文件：occupied-pending
通过：拒绝无法安全恢复的历史条件：missing-revision
通过：恢复校验失败时零 CAD 页面调用且不生成合并文件：missing-revision
通过：恢复前置校验不改历史、不覆盖未知已有文件：missing-revision
通过：另一窗口占用运行锁时拒绝并发恢复同一任务
通过：历史运行锁冲突发生在提交任何页面之前
通过：释放另一窗口运行锁后，同一窗口可正常重试原任务
通过：恢复完成最终释放运行锁，不遗留占用
通过：全部单页完整时可不连接 CAD 恢复合并，且保持单页文件原样
通过：同一次恢复首次成功后源图版本变化，下一页在调用假宿主前被拒绝并记录失败
通过：页间源图变更不提交后续页、不把不同版本页面伪报完整合并
通过：异步合并入口生成合并文件并保留单页 PDF
通过：合并返回后保持批次与编辑锁，等待主流程统一收尾
通过：文件合并提交完毕后禁用取消，避免把完成结果误取消
通过：批次统一收尾释放活动任务并恢复列表编辑
通过：合并取消按钮同时记录任务取消并发送线程安全取消信号
通过：取消提示准确保留已经提交的合并成果
通过：含专用目录时要求明确选择格式，不能默认套用第一份
通过：目录格式选择恢复列顺序、标题和行高
通过：图框专用命名自动覆盖通用命名规则
通过：人工文件名在模板命名联动后仍优先保留
通过：模板编辑器读取专用命名规则
通过：模板编辑提交保留目录并更新命名
通过：保存默认设置后新窗口恢复目录配置
通过：任一图框裁切失败时整批列表保持原范围
通过：应用裁切保持比例并按新范围识别纸张
通过：应用裁切不修改原图框几何或来源身份
通过：恢复原范围清除裁切并重算原范围纸张
通过：裁切编辑器读取本地坐标，不改写调用方模板
通过：搜索按模板裁切识别小定位块并自动应用打印范围
通过：图层筛选在模板解析前排除无关对象，不触发无关错误
通过：实际命中模板解析失败时显式报错，不返回不完整识别列表
通过：模板裁切窗口保留非整数搜索比例
通过：最小窗口控件边界有效：btnStartPlot
通过：最小窗口控件边界有效：txtMergedFileName
通过：最小窗口控件边界有效：lblStatus
通过：最小窗口控件边界有效：lblStats
离线 UI 回归通过，共 259 项；没有连接或操作 CAD。
