  正在确定要还原的项目…
  所有项目均是最新的，无法还原。
  FastBatchPlot.Core -> E:\366256\vibecoding\批打印-new\src\FastBatchPlot.Core\bin\Release\net8.0\FastBatchPlot.Core.dll
  FastBatchPlot.CadBridge -> E:\366256\vibecoding\批打印-new\src\FastBatchPlot.CadBridge\bin\Release\net8.0\FastBatchPlot.CadBridge.dll
  FastBatchPlot.Tests -> E:\366256\vibecoding\批打印-new\src\FastBatchPlot.Tests\bin\Release\net8.0\FastBatchPlot.Tests.dll
E:\366256\vibecoding\批打印-new\src\FastBatchPlot.Tests\bin\Release\net8.0\FastBatchPlot.Tests.dll (.NETCoreApp,Version=v8.0)的测试运行
VSTest 版本 17.11.1 (x64)

正在启动测试执行，请稍候...
总共 1 个测试文件与指定模式相匹配。
[xUnit.net 00:00:00.51]     FastBatchPlot.Tests.PlotPlanningTests.FractionalPositiveMarginCannotReuseTheOriginalPaper [FAIL]
[xUnit.net 00:00:00.51]     FastBatchPlot.Tests.PlotPlanningTests.PrintableEdgeCannotSilentlyClipAFractionOfAMillimeter [FAIL]
  失败 FastBatchPlot.Tests.PlotPlanningTests.FractionalPositiveMarginCannotReuseTheOriginalPaper [24 ms]
  错误消息:
   Assert.Throws() Failure: No exception was thrown
Expected: typeof(System.InvalidOperationException)
  堆栈跟踪:
     at FastBatchPlot.Tests.PlotPlanningTests.FractionalPositiveMarginCannotReuseTheOriginalPaper() in E:\366256\vibecoding\批打印-new\src\FastBatchPlot.Tests\PlotPlanningTests.cs:line 34
   at System.RuntimeMethodHandle.InvokeMethod(Object target, Void** arguments, Signature sig, Boolean isConstructor)
   at System.Reflection.MethodBaseInvoker.InvokeWithNoArgs(Object obj, BindingFlags invokeAttr)
  失败 FastBatchPlot.Tests.PlotPlanningTests.PrintableEdgeCannotSilentlyClipAFractionOfAMillimeter [< 1 ms]
  错误消息:
   Assert.False() Failure
Expected: False
Actual:   True
  堆栈跟踪:
     at FastBatchPlot.Tests.PlotPlanningTests.PrintableEdgeCannotSilentlyClipAFractionOfAMillimeter() in E:\366256\vibecoding\批打印-new\src\FastBatchPlot.Tests\PlotPlanningTests.cs:line 44
   at System.RuntimeMethodHandle.InvokeMethod(Object target, Void** arguments, Signature sig, Boolean isConstructor)
   at System.Reflection.MethodBaseInvoker.InvokeWithNoArgs(Object obj, BindingFlags invokeAttr)
结果文件: E:\366256\vibecoding\批打印-new\docs\audit-evidence\test-results\phase22-tolerance-before.trx

失败!  - 失败:     2，通过:     0，已跳过:     0，总计:     2，持续时间: 3 ms - FastBatchPlot.Tests.dll (net8.0)
