通过：表头排序保留行与对象绑定
通过：排序后勾选作用于显示对象
通过：排序后编辑作用于显示对象
通过：手工文件名经刷新与排序保留
通过：标准纸张可完整切换
通过：纸张尺寸同步更新
通过：纸张对象不共享全局可变引用
通过：未知图幅不伪装有效纸张
通过：离线行选择定位到目标对象
通过：排序后的删除作用于指定对象
通过：单图列表重新排序不丢失
通过：混合块名、多段线及小图幅联合保留
通过：指定块无匹配时严格为空
通过：输出限定在指定目录
通过：拒绝重复输出名
通过：拒绝路径逃逸
通过：拒绝 Windows 保留名称
通过：拒绝覆盖既有成果
通过：打印时禁止修改任务与重复启动
通过：打印时阻止关闭窗口
通过：任务结束恢复交互
通过：两点添加范围追加到列表，不覆盖已有图纸
通过：手工追加保留已有人工文件名
通过：两点模式传给宿主且分配不重复标识
通过：手工追加保留来源文档和空间
通过：手工范围的小数比例在表格显示中保持精度
通过：非标手工范围保留按比例换算的实际纸张尺寸
通过：图集添加独立传递模式并继续追加
通过：取消手工范围不删除或重排既有图纸
通过：宿主手工选择异常保留列表、恢复窗口并显示失败原因
通过：自动搜索只采集一次统一快照，不调用旧双扫描接口
通过：面积阈值0%同时保留混合来源的A0和A4图框
通过：自动搜索向用户展示快照采集警告数量
通过：修改面积阈值不立即丢弃当前列表
通过：面积阈值10%在下次搜索过滤不足最大面积十分之一的A4
通过：每次搜索各采集一个快照
通过：快照采集失败保留上次有效列表
通过：点选图层更新筛选提示且保留当前列表
通过：取消图层点选保留原筛选条件
通过：图层筛选忽略大小写、同时约束块和多段线，并在嵌套去重前保留指定层内框
通过：图层筛选经自动搜索入口实际约束生成列表
通过：面积阈值控件接受并传递一位小数
通过：保存默认设置将界面值写入显式指定的隔离文件
通过：重新创建表单恢复指定打印设备和样式
通过：设置恢复将小数面积阈值同步到控件和筛选逻辑
通过：默认设置往返保留两位小数的负留白
通过：默认设置往返保留排序、输出目录、命名和合并设置
通过：原设备已移除时清空选择并明确提示重新选择
通过：损坏偏好不会被表单构造覆盖，界面报告读取失败
通过：空配置路径的离线表单拒绝写用户默认设置
通过：最小窗口控件边界有效：btnStartPlot
通过：最小窗口控件边界有效：txtMergedFileName
通过：最小窗口控件边界有效：lblStatus
通过：最小窗口控件边界有效：lblStats
离线 UI 回归通过，共 54 项；没有连接或操作 CAD。
