PACKAGE_NET48_UI_OK=FastBatchPlot - CAD批打印（PDF）
PACKAGE_NET48_PDF_OPTIONS_UI_OK=AutoCAD
PACKAGE_NET48_PDF_OPTIONS_UI_OK=ZWCAD
PACKAGE_NET48_HISTORY_OK=E:\366256\vibecoding\批打印-new\artifacts\FastBatchPlot-20260920-200708-791\AutoCAD2018\FastBatchPlot.bundle\Contents
PACKAGE_NET48_PDF_OK=E:\366256\vibecoding\批打印-new\artifacts\FastBatchPlot-20260920-200708-791\AutoCAD2018\FastBatchPlot.bundle\Contents
PACKAGE_NET48_PDF_OK=E:\366256\vibecoding\批打印-new\artifacts\FastBatchPlot-20260920-200708-791\AutoCAD2018\FastBatchPlot.bundle\Contents
LINKED_PMP_OK=72 original papers preserved; 1 appended; source hashes unchanged
PDF_OPTIONS_OK=DWG to PDF
PDF_OPTIONS_OK=ZWCAD PDF(General Documentation)
PDF_OPTIONS_OK=ZWCAD PDF(High Quality Print)
PDF_OPTIONS_OK=ZWCAD PDF(Smallest File)
PDF_OPTIONS_OK=ZWCAD PDF(Web and Mobile)
PDF_OPTIONS_OK=AutoCAD General Documentation
PACKAGE_NET48_UI_OK=FastBatchPlot - CAD批打印（PDF）
PACKAGE_NET48_PDF_OPTIONS_UI_OK=AutoCAD
PACKAGE_NET48_PDF_OPTIONS_UI_OK=ZWCAD
PACKAGE_NET48_HISTORY_OK=E:\366256\vibecoding\批打印-new\artifacts\FastBatchPlot-20260920-200708-791\ZWCAD2026\Contents
PACKAGE_NET48_PDF_OK=E:\366256\vibecoding\批打印-new\artifacts\FastBatchPlot-20260920-200708-791\ZWCAD2026\Contents
PACKAGE_NET48_PDF_OK=E:\366256\vibecoding\批打印-new\artifacts\FastBatchPlot-20260920-200708-791\ZWCAD2026\Contents
LINKED_PMP_OK=72 original papers preserved; 1 appended; source hashes unchanged
PDF_OPTIONS_OK=DWG to PDF
PDF_OPTIONS_OK=ZWCAD PDF(General Documentation)
PDF_OPTIONS_OK=ZWCAD PDF(High Quality Print)
PDF_OPTIONS_OK=ZWCAD PDF(Smallest File)
PDF_OPTIONS_OK=ZWCAD PDF(Web and Mobile)
PDF_OPTIONS_OK=AutoCAD General Documentation
