[
  {
    "Case": "ACI 调色板",
    "Expected": "ACI 10=(255,0,0)，ACI 30=(255,127,0)",
    "Actual": "ACI 10=(255, 255, 255); ACI 30=(255, 255, 255); RGB(255,127,0) -> ACI 36"
  },
  {
    "Case": "模型单位定义图块以 1 倍插入",
    "Expected": "识别 1 个 A1 1:100 图框",
    "Actual": "识别 0 个图框"
  },
  {
    "Case": "自交蝴蝶多段线",
    "Expected": "识别 0 个矩形图框",
    "Actual": "识别 1 个图框"
  },
  {
    "Case": "有效 A3 外围另有不合规矩形",
    "Expected": "两种情况都应保留 1 个有效 A3 图框",
    "Actual": "单独 A3=1; 添加 440x350 外矩形后=0"
  },
  {
    "Case": "命名模板中的原始属性值",
    "Expected": "预算$&版",
    "Actual": "预算{DwgName}版"
  },
  {
    "Case": "非整数出图比例的文件命名",
    "Expected": "1-2.5",
    "Actual": "1-3"
  }
]
