2026-09-20T22:28:06.7975469+08:00 === PROBE I START ===
2026-09-20T22:28:06.7980712+08:00 --- Step 1: Polyline line-by-line inspection ---
2026-09-20T22:28:06.7980712+08:00 Before tr.GetObject(plineId, OpenMode.ForWrite)
2026-09-20T22:28:06.7980712+08:00 After tr.GetObject(plineId, OpenMode.ForWrite)
2026-09-20T22:28:06.7980712+08:00 Before SetPointAt
2026-09-20T22:28:06.7980712+08:00 After SetPointAt
2026-09-20T22:28:06.7996142+08:00 Before tr.Commit()
2026-09-20T22:28:06.7996142+08:00 After tr.Commit()
2026-09-20T22:28:06.7996142+08:00 --- Step 2: DBText line-by-line inspection ---
2026-09-20T22:28:06.7996142+08:00 Before tr.GetObject(textId, OpenMode.ForWrite)
2026-09-20T22:28:06.7996142+08:00 After tr.GetObject(textId, OpenMode.ForWrite)
2026-09-20T22:28:06.8008515+08:00 Before txt.TextString assignment
2026-09-20T22:28:06.8008515+08:00 After txt.TextString assignment
2026-09-20T22:28:06.8008515+08:00 Before txt.Height assignment
2026-09-20T22:28:06.8023695+08:00 After txt.Height assignment
2026-09-20T22:28:06.8023695+08:00 Before tr.Commit()
2026-09-20T22:28:06.8023695+08:00 After tr.Commit()
2026-09-20T22:28:06.8023695+08:00 --- Step 3: New DBText line-by-line inspection ---
2026-09-20T22:28:06.8039034+08:00 [EVENT DB.ObjectAppended] DBText Handle=259
2026-09-20T22:28:06.8049105+08:00 [EVENT DB.ObjectModified] DBText Handle=259
2026-09-20T22:28:06.8054160+08:00 New DBText created, Id=(6179275159664)
2026-09-20T22:28:06.8054160+08:00 Before OpenWrite on newly created DBText
2026-09-20T22:28:06.8054160+08:00 After OpenWrite on newly created DBText
2026-09-20T22:28:06.8054160+08:00 After modify TextString on new DBText
2026-09-20T22:28:06.8054160+08:00 After Commit modify on new DBText
2026-09-20T22:28:06.8054160+08:00 Erased new DBText
2026-09-20T22:28:06.8054160+08:00 === PROBE I FINISHED ===
2026-09-20T22:33:42.9401157+08:00 [EVENT DB.ObjectOpenedForModify] TableStyle Handle=93
2026-09-20T22:33:42.9416451+08:00 [EVENT DB.ObjectOpenedForModify] DBDictionary Handle=22B
2026-09-20T22:33:42.9438300+08:00 [EVENT DB.ObjectErased] DBDictionary Handle=22B Erased=False
2026-09-20T22:33:42.9453717+08:00 [EVENT DB.ObjectOpenedForModify] DBDictionary Handle=22B
2026-09-20T22:33:42.9464798+08:00 [EVENT DB.ObjectAppended] ImpDBObject Handle=25A
2026-09-20T22:33:42.9475397+08:00 [EVENT DB.ObjectModified] ImpDBObject Handle=25A
2026-09-20T22:33:42.9485475+08:00 [EVENT DB.ObjectModified] DBDictionary Handle=22B
2026-09-20T22:33:42.9501259+08:00 [EVENT DB.ObjectModified] TableStyle Handle=93
2026-09-20T22:33:42.9501259+08:00 [EVENT DB.ObjectModified] Material Handle=12D
2026-09-20T22:33:42.9516709+08:00 [EVENT DB.ObjectModified] Material Handle=135
2026-09-20T22:33:42.9528649+08:00 [EVENT DB.ObjectModified] Material Handle=13D
2026-09-20T22:33:42.9534111+08:00 [EVENT DB.ObjectOpenedForModify] SectionViewStyle Handle=1D6
2026-09-20T22:33:42.9544871+08:00 [EVENT DB.ObjectModified] SectionViewStyle Handle=1D6
2026-09-20T22:33:42.9555431+08:00 [EVENT DB.ObjectOpenedForModify] DetailViewStyle Handle=1D8
2026-09-20T22:33:42.9560805+08:00 [EVENT DB.ObjectModified] DetailViewStyle Handle=1D8
2026-09-20T22:33:42.9571726+08:00 [EVENT DB.ObjectOpenedForModify] DBDictionary Handle=C
2026-09-20T22:33:42.9582836+08:00 [EVENT DB.ObjectAppended] Xrecord Handle=25B
2026-09-20T22:33:42.9593302+08:00 [EVENT DB.ObjectModified] Xrecord Handle=25B
2026-09-20T22:33:42.9603976+08:00 [EVENT DB.ObjectModified] DBDictionary Handle=59
2026-09-20T22:33:42.9614690+08:00 [EVENT DB.ObjectOpenedForModify] DBDictionary Handle=23E
2026-09-20T22:33:42.9625175+08:00 [EVENT DB.ObjectOpenedForModify] Xrecord Handle=249
2026-09-20T22:33:42.9635677+08:00 [EVENT DB.ObjectErased] Xrecord Handle=249 Erased=True
2026-09-20T22:33:42.9646689+08:00 [EVENT DB.ObjectAppended] Xrecord Handle=25C
2026-09-20T22:33:42.9657181+08:00 [EVENT DB.ObjectModified] Xrecord Handle=25C
2026-09-20T22:33:42.9663005+08:00 [EVENT DB.ObjectModified] DBDictionary Handle=23E
2026-09-20T22:33:43.0348744+08:00 [EVENT DB.ObjectOpenedForModify] DBDictionary Handle=23E
2026-09-20T22:33:43.0348744+08:00 [EVENT DB.ObjectModified] DBDictionary Handle=23E
2026-09-20T22:33:43.0364175+08:00 [EVENT DB.ObjectOpenedForModify] Xrecord Handle=25C
2026-09-20T22:33:43.0379588+08:00 [EVENT DB.ObjectUnappended] Xrecord Handle=25C
2026-09-20T22:33:43.0379588+08:00 [EVENT DB.ObjectErased] Xrecord Handle=25C Erased=True
2026-09-20T22:33:43.0395116+08:00 [EVENT DB.ObjectOpenedForModify] Xrecord Handle=249
2026-09-20T22:33:43.0395116+08:00 [EVENT DB.ObjectErased] Xrecord Handle=249 Erased=False
2026-09-20T22:33:43.0410374+08:00 [EVENT DB.ObjectOpenedForModify] Xrecord Handle=25B
2026-09-20T22:33:43.0420451+08:00 [EVENT DB.ObjectUnappended] Xrecord Handle=25B
2026-09-20T22:33:43.0425503+08:00 [EVENT DB.ObjectErased] Xrecord Handle=25B Erased=True
2026-09-20T22:33:43.0425503+08:00 [EVENT DB.ObjectOpenedForModify] DBDictionary Handle=C
2026-09-20T22:33:43.0440658+08:00 [EVENT DB.ObjectOpenedForModify] Xrecord Handle=25B
2026-09-20T22:33:43.0450731+08:00 [EVENT DB.ObjectModified] Xrecord Handle=25B
2026-09-20T22:33:43.0455808+08:00 [EVENT DB.ObjectOpenedForModify] DetailViewStyle Handle=1D8
2026-09-20T22:33:43.0455808+08:00 [EVENT DB.ObjectModified] DetailViewStyle Handle=1D8
2026-09-20T22:33:43.0470957+08:00 [EVENT DB.ObjectOpenedForModify] SectionViewStyle Handle=1D6
2026-09-20T22:33:43.0470957+08:00 [EVENT DB.ObjectModified] SectionViewStyle Handle=1D6
2026-09-20T22:33:43.0486367+08:00 [EVENT DB.ObjectOpenedForModify] TableStyle Handle=93
2026-09-20T22:33:43.0486367+08:00 [EVENT DB.ObjectModified] TableStyle Handle=93
2026-09-20T22:33:43.0499622+08:00 [EVENT DB.ObjectOpenedForModify] DBDictionary Handle=22B
2026-09-20T22:33:43.0510067+08:00 [EVENT DB.ObjectOpenedForModify] ImpDBObject Handle=25A
2026-09-20T22:33:43.0510067+08:00 [EVENT DB.ObjectModified] ImpDBObject Handle=25A
2026-09-20T22:33:43.0525299+08:00 [EVENT DB.ObjectModified] DBDictionary Handle=22B
2026-09-20T22:33:43.0525299+08:00 [EVENT DB.ObjectOpenedForModify] ImpDBObject Handle=25A
2026-09-20T22:33:43.0540977+08:00 [EVENT DB.ObjectUnappended] ImpDBObject Handle=25A
2026-09-20T22:33:43.0540977+08:00 [EVENT DB.ObjectErased] ImpDBObject Handle=25A Erased=True
2026-09-20T22:33:43.0556142+08:00 [EVENT DB.ObjectOpenedForModify] DBDictionary Handle=22B
2026-09-20T22:33:43.0556142+08:00 [EVENT DB.ObjectErased] DBDictionary Handle=22B Erased=True
2026-09-20T23:13:10.6895995+08:00 [EVENT DB.ObjectOpenedForModify] ViewportTableRecord Handle=1BA
2026-09-20T23:13:10.6911173+08:00 [EVENT DB.ObjectModified] ViewportTableRecord Handle=1BA
2026-09-20T23:13:10.6982128+08:00 [EVENT DB.ObjectOpenedForModify] ViewportTableRecord Handle=1BA
2026-09-20T23:13:10.6997591+08:00 [EVENT DB.ObjectModified] ViewportTableRecord Handle=1BA
2026-09-20T23:13:10.6997591+08:00 [EVENT DB.ObjectOpenedForModify] ViewportTableRecord Handle=1BA
2026-09-20T23:13:10.7013080+08:00 [EVENT DB.ObjectModified] ViewportTableRecord Handle=1BA
2026-09-20T23:13:11.3303361+08:00 [EVENT DB.ObjectOpenedForModify] ViewportTableRecord Handle=1BA
2026-09-20T23:13:11.3318873+08:00 [EVENT DB.ObjectModified] ViewportTableRecord Handle=1BA
2026-09-20T23:13:11.3318873+08:00 [EVENT DB.ObjectOpenedForModify] ViewportTableRecord Handle=1BA
2026-09-20T23:13:11.3334222+08:00 [EVENT DB.ObjectModified] ViewportTableRecord Handle=1BA
2026-09-20T23:13:11.3334222+08:00 [EVENT DB.ObjectOpenedForModify] ViewportTableRecord Handle=1BA
2026-09-20T23:13:11.3349516+08:00 [EVENT DB.ObjectModified] ViewportTableRecord Handle=1BA
2026-09-20T23:13:11.9906138+08:00 [EVENT DB.ObjectOpenedForModify] ViewportTableRecord Handle=1BA
2026-09-20T23:13:11.9921225+08:00 [EVENT DB.ObjectModified] ViewportTableRecord Handle=1BA
2026-09-20T23:13:11.9921225+08:00 [EVENT DB.ObjectOpenedForModify] ViewportTableRecord Handle=1BA
2026-09-20T23:13:11.9934103+08:00 [EVENT DB.ObjectModified] ViewportTableRecord Handle=1BA
2026-09-20T23:13:11.9934103+08:00 [EVENT DB.ObjectOpenedForModify] ViewportTableRecord Handle=1BA
2026-09-20T23:13:11.9949435+08:00 [EVENT DB.ObjectModified] ViewportTableRecord Handle=1BA
