2026-09-20T22:32:43.3514381+08:00 === PROBE N VERIFICATION START ===
2026-09-20T22:32:43.3529949+08:00 --- Step 1: Stability Check (Read 3 times) ---
2026-09-20T22:32:43.3606321+08:00 R1: Ra2GuaxTuPMOqFUCwLjYNBynnM8g4msob03eR5UuwOY=
2026-09-20T22:32:43.3606321+08:00 R2: Ra2GuaxTuPMOqFUCwLjYNBynnM8g4msob03eR5UuwOY=
2026-09-20T22:32:43.3606321+08:00 R3: Ra2GuaxTuPMOqFUCwLjYNBynnM8g4msob03eR5UuwOY=
2026-09-20T22:32:43.3621599+08:00 Stable: True
2026-09-20T22:32:43.3621599+08:00 --- Step 2: Native Plot & Forward Verify ---
2026-09-20T22:32:43.9995102+08:00 Plot result: True, error=, pdfExists=True
2026-09-20T22:32:44.0097639+08:00 Forward Consistency Verify: PASSED OK!
2026-09-20T22:32:44.0097639+08:00 --- Step 3: Reverse Test A - Modify DBText TextString ---
2026-09-20T22:32:44.0128807+08:00 Verify after text edit: REJECTED AS EXPECTED: 输出后来源核验失败：原图、外参会话或修改记录已变化。 已生成文件保留供检查，本页不记为成功、不参与自动合并；请重新建立完整批次。
2026-09-20T22:32:44.0134036+08:00 Restored DBText.
2026-09-20T22:32:44.0134036+08:00 --- Step 4: Reverse Test B - Modify Polyline Vertex ---
2026-09-20T22:32:44.0220801+08:00 CheckPoly initial Verify: PASSED
2026-09-20T22:32:44.0220801+08:00 Verify after polyline edit: REJECTED AS EXPECTED: 输出后来源核验失败：原图、外参会话或修改记录已变化。 已生成文件保留供检查，本页不记为成功、不参与自动合并；请重新建立完整批次。
2026-09-20T22:32:44.0220801+08:00 Restored Polyline.
2026-09-20T22:32:44.0220801+08:00 --- Step 5: Read back check after restorations ---
2026-09-20T22:32:44.0236244+08:00 Final DBText TextString='CHANGED FOR REVISION CHECK' (Matches original: True)
2026-09-20T22:32:44.0243938+08:00 Final Polyline Point0=(10,10) (Matches original: True)
2026-09-20T22:32:44.0249041+08:00 --- Step 6: Cross Layout Read & Stability ---
2026-09-20T22:32:44.0254265+08:00 Layout [Model] SourceRevision: Ra2GuaxTuPMOqFUCwLjYNBynnM8g4msob03eR5UuwOY=
2026-09-20T22:32:44.0285707+08:00 Layout [布局1] SourceRevision: jsOfEKAyIV512j06X+8klpSfts1pPRbNiBRmi1Be7LY=
2026-09-20T22:32:44.0290831+08:00 Layout [布局2] SourceRevision: EwnWHp4b80j7r+RyqeLjq/1QOVWo154Mk2AgqqDbuec=
2026-09-20T22:32:44.0297186+08:00 === ALL PROBE N TESTS PASSED SUCCESSFULLY! ===
