2026-09-20T22:29:51.1007623+08:00 === PROBE K START ===
2026-09-20T22:29:51.1023166+08:00 Target textId=(6179275159112), initialText='CHANGED FOR REVISION CHECK', plineId=(6179275159088)
2026-09-20T22:29:51.1023166+08:00 Initial DBMOD=29
2026-09-20T22:29:51.1023166+08:00 --- Test 1: Polyline GetObject(OpenMode.ForWrite) ---
2026-09-20T22:29:51.1023166+08:00 Before tr.GetObject Polyline ForWrite
2026-09-20T22:29:51.1023166+08:00 After tr.GetObject Polyline ForWrite
2026-09-20T22:29:51.1023166+08:00 After Commit Polyline
2026-09-20T22:29:51.1023166+08:00 DBMOD after Polyline OpenMode.ForWrite: 29
2026-09-20T22:29:51.1023166+08:00 --- Test 2: DBText GetObject(OpenMode.ForWrite) ---
2026-09-20T22:29:51.1038375+08:00 Before tr.GetObject DBText ForWrite
2026-09-20T22:29:51.1038375+08:00 After tr.GetObject DBText ForWrite
2026-09-20T22:29:51.1054995+08:00 After Commit DBText
2026-09-20T22:29:51.1054995+08:00 DBMOD after DBText OpenMode.ForWrite: 29
2026-09-20T22:29:51.1054995+08:00 --- Test 3: Polyline SetPointAt with new value ---
2026-09-20T22:29:51.1054995+08:00 Calling SetPointAt...
2026-09-20T22:29:51.1054995+08:00 Called SetPointAt.
2026-09-20T22:29:51.1054995+08:00 Committed SetPointAt.
2026-09-20T22:29:51.1054995+08:00 DBMOD after Polyline SetPointAt: 29
2026-09-20T22:29:51.1054995+08:00 --- Test 4: DBText change Position / Height ---
2026-09-20T22:29:51.1054995+08:00 Calling txt.Position assignment...
2026-09-20T22:29:51.1070331+08:00 Calling txt.Height assignment...
2026-09-20T22:29:51.1070331+08:00 Calling txt.TextString assignment...
2026-09-20T22:29:51.1070331+08:00 Committed DBText multi-edit.
2026-09-20T22:29:51.1070331+08:00 DBMOD after DBText multi-edit: 29
2026-09-20T22:29:51.1070331+08:00 Restored DBText.
2026-09-20T22:29:51.1085807+08:00 --- Test 5: COM HandleToObject / TextString ---
2026-09-20T22:29:51.1859496+08:00 VLA TextString before: 'CHANGED FOR REVISION CHECK'
2026-09-20T22:29:51.1859496+08:00 VLA TextString after: 'VLA_MODIFIED_TEXT'
2026-09-20T22:29:51.1859496+08:00 VLA TextString restored.
2026-09-20T22:29:51.1874831+08:00 DBMOD after VLA edit: 29
2026-09-20T22:29:51.1874831+08:00 === PROBE K FINISHED ===
2026-09-20T22:29:51.1890250+08:00 [EVENT Doc.CommandEnded] BP45K
2026-09-20T22:30:39.6771548+08:00 [EVENT Doc.LispWillStart] (command "_.NETLOAD" "E:/366256/vibecoding/批打印-new/docs/audit-evidence/phase45-native/l-bin/net48/Phase45ProbeL.dll")
2026-09-20T22:30:39.6820591+08:00 [EVENT Doc.CommandWillStart] NETLOAD
2026-09-20T22:30:39.8584125+08:00 [EVENT Doc.CommandEnded] NETLOAD
2026-09-20T22:30:39.8594737+08:00 [EVENT Doc.LispEnded]
2026-09-20T22:30:39.9582973+08:00 [EVENT Doc.CommandWillStart] BP45L
2026-09-20T22:30:39.9639636+08:00 [EVENT Doc.CommandEnded] BP45L
2026-09-20T22:30:39.9913776+08:00 [EVENT Doc.LispWillStart] (command "_.MOVE" (handent "242") "" "0,0,0" "1,1,0")
2026-09-20T22:30:39.9924587+08:00 [EVENT Doc.CommandWillStart] MOVE
2026-09-20T22:30:40.0438992+08:00 [EVENT Doc.CommandEnded] MOVE
2026-09-20T22:30:40.0462607+08:00 [EVENT Doc.LispEnded]
2026-09-20T22:30:41.1834383+08:00 [EVENT Doc.CommandWillStart] BP45LCHECK
2026-09-20T22:30:41.1881928+08:00 [EVENT Doc.CommandEnded] BP45LCHECK
2026-09-20T22:31:27.3603966+08:00 [EVENT Doc.LispWillStart] (command "_.NETLOAD" "E:/366256/vibecoding/批打印-new/docs/audit-evidence/phase45-native/m-bin/net48/Phase45ProbeM.dll")
2026-09-20T22:31:27.3649930+08:00 [EVENT Doc.CommandWillStart] NETLOAD
2026-09-20T22:31:27.5551440+08:00 [EVENT Doc.CommandEnded] NETLOAD
2026-09-20T22:31:27.5592894+08:00 [EVENT Doc.LispEnded]
2026-09-20T22:31:27.6607280+08:00 [EVENT Doc.CommandWillStart] BP45M
2026-09-20T22:31:27.6711787+08:00 [EVENT Doc.CommandEnded] BP45M
2026-09-20T22:32:43.0109181+08:00 [EVENT Doc.LispWillStart] (command "_.NETLOAD" "E:/366256/vibecoding/批打印-new/docs/audit-evidence/phase45-native/n-bin/net48/Phase45ProbeN.dll")
2026-09-20T22:32:43.0140428+08:00 [EVENT Doc.CommandWillStart] NETLOAD
2026-09-20T22:32:43.2239967+08:00 [EVENT Doc.CommandEnded] NETLOAD
2026-09-20T22:32:43.2255103+08:00 [EVENT Doc.LispEnded]
2026-09-20T22:32:43.3444518+08:00 [EVENT Doc.CommandWillStart] BP45N
2026-09-20T22:32:44.0312582+08:00 [EVENT Doc.CommandEnded] BP45N
2026-09-20T22:33:42.9401157+08:00 [EVENT DB.ObjectOpenedForModify] TableStyle Handle=93
2026-09-20T22:33:42.9416451+08:00 [EVENT DB.ObjectOpenedForModify] DBDictionary Handle=22B
2026-09-20T22:33:42.9438300+08:00 [EVENT DB.ObjectErased] DBDictionary Handle=22B Erased=False
2026-09-20T22:33:42.9459573+08:00 [EVENT DB.ObjectOpenedForModify] DBDictionary Handle=22B
2026-09-20T22:33:42.9464798+08:00 [EVENT DB.ObjectAppended] ImpDBObject Handle=25A
2026-09-20T22:33:42.9475397+08:00 [EVENT DB.ObjectModified] ImpDBObject Handle=25A
2026-09-20T22:33:42.9485475+08:00 [EVENT DB.ObjectModified] DBDictionary Handle=22B
2026-09-20T22:33:42.9501259+08:00 [EVENT DB.ObjectModified] TableStyle Handle=93
2026-09-20T22:33:42.9501259+08:00 [EVENT DB.ObjectModified] Material Handle=12D
2026-09-20T22:33:42.9516709+08:00 [EVENT DB.ObjectModified] Material Handle=135
2026-09-20T22:33:42.9528649+08:00 [EVENT DB.ObjectModified] Material Handle=13D
2026-09-20T22:33:42.9539323+08:00 [EVENT DB.ObjectOpenedForModify] SectionViewStyle Handle=1D6
2026-09-20T22:33:42.9550031+08:00 [EVENT DB.ObjectModified] SectionViewStyle Handle=1D6
2026-09-20T22:33:42.9555431+08:00 [EVENT DB.ObjectOpenedForModify] DetailViewStyle Handle=1D8
2026-09-20T22:33:42.9566364+08:00 [EVENT DB.ObjectModified] DetailViewStyle Handle=1D8
2026-09-20T22:33:42.9577591+08:00 [EVENT DB.ObjectOpenedForModify] DBDictionary Handle=C
2026-09-20T22:33:42.9582836+08:00 [EVENT DB.ObjectAppended] Xrecord Handle=25B
2026-09-20T22:33:42.9593302+08:00 [EVENT DB.ObjectModified] Xrecord Handle=25B
2026-09-20T22:33:42.9603976+08:00 [EVENT DB.ObjectModified] DBDictionary Handle=59
2026-09-20T22:33:42.9619971+08:00 [EVENT DB.ObjectOpenedForModify] DBDictionary Handle=23E
2026-09-20T22:33:42.9625175+08:00 [EVENT DB.ObjectOpenedForModify] Xrecord Handle=249
2026-09-20T22:33:42.9635677+08:00 [EVENT DB.ObjectErased] Xrecord Handle=249 Erased=True
2026-09-20T22:33:42.9646689+08:00 [EVENT DB.ObjectAppended] Xrecord Handle=25C
2026-09-20T22:33:42.9657181+08:00 [EVENT DB.ObjectModified] Xrecord Handle=25C
2026-09-20T22:33:42.9668455+08:00 [EVENT DB.ObjectModified] DBDictionary Handle=23E
2026-09-20T22:33:43.0348744+08:00 [EVENT DB.ObjectOpenedForModify] DBDictionary Handle=23E
2026-09-20T22:33:43.0348744+08:00 [EVENT DB.ObjectModified] DBDictionary Handle=23E
2026-09-20T22:33:43.0364175+08:00 [EVENT DB.ObjectOpenedForModify] Xrecord Handle=25C
2026-09-20T22:33:43.0379588+08:00 [EVENT DB.ObjectUnappended] Xrecord Handle=25C
2026-09-20T22:33:43.0379588+08:00 [EVENT DB.ObjectErased] Xrecord Handle=25C Erased=True
2026-09-20T22:33:43.0395116+08:00 [EVENT DB.ObjectOpenedForModify] Xrecord Handle=249
2026-09-20T22:33:43.0410374+08:00 [EVENT DB.ObjectErased] Xrecord Handle=249 Erased=False
2026-09-20T22:33:43.0410374+08:00 [EVENT DB.ObjectOpenedForModify] Xrecord Handle=25B
2026-09-20T22:33:43.0420451+08:00 [EVENT DB.ObjectUnappended] Xrecord Handle=25B
2026-09-20T22:33:43.0425503+08:00 [EVENT DB.ObjectErased] Xrecord Handle=25B Erased=True
2026-09-20T22:33:43.0425503+08:00 [EVENT DB.ObjectOpenedForModify] DBDictionary Handle=C
2026-09-20T22:33:43.0440658+08:00 [EVENT DB.ObjectOpenedForModify] Xrecord Handle=25B
2026-09-20T22:33:43.0450731+08:00 [EVENT DB.ObjectModified] Xrecord Handle=25B
2026-09-20T22:33:43.0455808+08:00 [EVENT DB.ObjectOpenedForModify] DetailViewStyle Handle=1D8
2026-09-20T22:33:43.0470957+08:00 [EVENT DB.ObjectModified] DetailViewStyle Handle=1D8
2026-09-20T22:33:43.0470957+08:00 [EVENT DB.ObjectOpenedForModify] SectionViewStyle Handle=1D6
2026-09-20T22:33:43.0470957+08:00 [EVENT DB.ObjectModified] SectionViewStyle Handle=1D6
2026-09-20T22:33:43.0486367+08:00 [EVENT DB.ObjectOpenedForModify] TableStyle Handle=93
2026-09-20T22:33:43.0499622+08:00 [EVENT DB.ObjectModified] TableStyle Handle=93
2026-09-20T22:33:43.0499622+08:00 [EVENT DB.ObjectOpenedForModify] DBDictionary Handle=22B
2026-09-20T22:33:43.0510067+08:00 [EVENT DB.ObjectOpenedForModify] ImpDBObject Handle=25A
2026-09-20T22:33:43.0510067+08:00 [EVENT DB.ObjectModified] ImpDBObject Handle=25A
2026-09-20T22:33:43.0525299+08:00 [EVENT DB.ObjectModified] DBDictionary Handle=22B
2026-09-20T22:33:43.0525299+08:00 [EVENT DB.ObjectOpenedForModify] ImpDBObject Handle=25A
2026-09-20T22:33:43.0540977+08:00 [EVENT DB.ObjectUnappended] ImpDBObject Handle=25A
2026-09-20T22:33:43.0540977+08:00 [EVENT DB.ObjectErased] ImpDBObject Handle=25A Erased=True
2026-09-20T22:33:43.0556142+08:00 [EVENT DB.ObjectOpenedForModify] DBDictionary Handle=22B
2026-09-20T22:33:43.0556142+08:00 [EVENT DB.ObjectErased] DBDictionary Handle=22B Erased=True
2026-09-20T23:13:10.6895995+08:00 [EVENT DB.ObjectOpenedForModify] ViewportTableRecord Handle=1BA
2026-09-20T23:13:10.6911173+08:00 [EVENT DB.ObjectModified] ViewportTableRecord Handle=1BA
2026-09-20T23:13:10.6982128+08:00 [EVENT DB.ObjectOpenedForModify] ViewportTableRecord Handle=1BA
2026-09-20T23:13:10.6997591+08:00 [EVENT DB.ObjectModified] ViewportTableRecord Handle=1BA
2026-09-20T23:13:10.6997591+08:00 [EVENT DB.ObjectOpenedForModify] ViewportTableRecord Handle=1BA
2026-09-20T23:13:10.7013080+08:00 [EVENT DB.ObjectModified] ViewportTableRecord Handle=1BA
2026-09-20T23:13:11.3303361+08:00 [EVENT DB.ObjectOpenedForModify] ViewportTableRecord Handle=1BA
2026-09-20T23:13:11.3318873+08:00 [EVENT DB.ObjectModified] ViewportTableRecord Handle=1BA
2026-09-20T23:13:11.3318873+08:00 [EVENT DB.ObjectOpenedForModify] ViewportTableRecord Handle=1BA
2026-09-20T23:13:11.3334222+08:00 [EVENT DB.ObjectModified] ViewportTableRecord Handle=1BA
2026-09-20T23:13:11.3334222+08:00 [EVENT DB.ObjectOpenedForModify] ViewportTableRecord Handle=1BA
2026-09-20T23:13:11.3349516+08:00 [EVENT DB.ObjectModified] ViewportTableRecord Handle=1BA
2026-09-20T23:13:11.9906138+08:00 [EVENT DB.ObjectOpenedForModify] ViewportTableRecord Handle=1BA
2026-09-20T23:13:11.9921225+08:00 [EVENT DB.ObjectModified] ViewportTableRecord Handle=1BA
2026-09-20T23:13:11.9921225+08:00 [EVENT DB.ObjectOpenedForModify] ViewportTableRecord Handle=1BA
2026-09-20T23:13:11.9934103+08:00 [EVENT DB.ObjectModified] ViewportTableRecord Handle=1BA
2026-09-20T23:13:11.9949435+08:00 [EVENT DB.ObjectOpenedForModify] ViewportTableRecord Handle=1BA
2026-09-20T23:13:11.9949435+08:00 [EVENT DB.ObjectModified] ViewportTableRecord Handle=1BA
