2026-09-20T21:43:33.6385640+08:00 FATAL System.Runtime.InteropServices.COMException (0x80004005): 对 COM 组件的调用返回了错误 HRESULT E_FAIL。
   在 System.Runtime.InteropServices.Marshal.ThrowExceptionForHRInternal(Int32 errorCode, IntPtr errorInfo)
   在 ZwSoft.ZwCAD.ApplicationServices.DocumentCollection.Add(String templateFileName)
   在 Phase43Probe.Run()
2026-09-20T21:43:33.7114068+08:00 FATAL System.Runtime.InteropServices.COMException (0x80004005): 对 COM 组件的调用返回了错误 HRESULT E_FAIL。
   在 System.Runtime.InteropServices.Marshal.ThrowExceptionForHRInternal(Int32 errorCode, IntPtr errorInfo)
   在 ZwSoft.ZwCAD.ApplicationServices.DocumentCollection.Add(String templateFileName)
   在 Phase43Probe.Run()
2026-09-20T21:45:19.9409853+08:00 DEVICES None | 导出为WPS PDF | ZWCAD Virtual Eps Plotter 1.0 | OneNote for Windows 10 | RICOH IM C4500 PCL 6 | RICOH IM C3000 PCL 6 | OneNote (Desktop) | Microsoft XPS Document Writer | Microsoft Print to PDF | IM C3000  创新中心 | HwPrinter | Fax | 6楼东彩机C3503 | 6楼东MP 3054_1 | 6F西MP 5054 | 6F西 租赁事业部 2554 | Default Windows System Printer | DWF6 ePlot.pc5 | DWFx ePlot (XPS Compatible).pc5 | DWG to PDF.pc5 | M_PDF.pc5 | SVG.pc5 | ZWCAD PDF(General Documentation).pc5 | ZWCAD PDF(High Quality Print).pc5 | ZWCAD PDF(Smallest File).pc5 | ZWCAD PDF(Web and Mobile).pc5 | ZWCAD Virtual JPEG Plotter.pc5 | ZWCAD Virtual PNG Plotter.pc5 | ZWPLOT_DWF.pc5 | ZWPLOT_EPS.pc5 | ZWPLOT_JPG.pc5 | ZWPLOT_PDF.pc5 | ZWPLOT_PNG.pc5
2026-09-20T21:45:19.9425047+08:00 STYLES Monochrome.stb | zwcad-Color.stb | zwcad.stb | Grayscale.ctb | Monochrome.ctb | zwcad.ctb | 彩色.ctb | 蓝白.ctb | 黑白.ctb
2026-09-20T21:45:19.9425047+08:00 DEVICE DWG to PDF.pc5
2026-09-20T21:45:19.9450906+08:00 BEGIN Model
2026-09-20T21:45:20.0125722+08:00 BEFORE Ha3ryhavjKJHuQqoBCnPcxRwN7xO+mqkyp3hqb3L3sk=
2026-09-20T21:45:20.5043799+08:00 MOD ViewportTableRecord 1BA
2026-09-20T21:45:20.5487655+08:00 PLOT False 对象的当前状态使该操作无效。
2026-09-20T21:45:20.5503025+08:00 AFTER MvoZ9D4xBPusvcXfVQ/CEpj53rSK+AiaYiaO3w4S1Kg=
2026-09-20T21:45:20.5534575+08:00 FAIL System.InvalidOperationException: 输出后来源核验失败：原图、外参会话或修改记录已变化。 已生成文件保留供检查，本页不记为成功、不参与自动合并；请重新建立完整批次。 ---> System.InvalidOperationException: 原图、外参会话或修改记录已变化。
   在 FastBatchPlot.CadBridge.CadPageConsistency.Verify()
   --- 内部异常堆栈跟踪的结尾 ---
   在 FastBatchPlot.CadBridge.CadPageConsistency.Verify()
   在 Phase43Probe.Run()
2026-09-20T21:45:20.5550030+08:00 BEGIN 布局1
2026-09-20T21:45:20.5575866+08:00 BEFORE +4iXuulMVXgP5PKYUx7GWEL9qfJoP2PZAti8cWNNHHE=
2026-09-20T21:45:20.5591093+08:00 MOD Layout 1C8
2026-09-20T21:45:20.5591093+08:00 MOD Layout 1C8
2026-09-20T21:45:20.5767069+08:00 MOD Layout 1C8
2026-09-20T21:45:20.5767069+08:00 MOD Layout 1C8
2026-09-20T21:45:20.5782261+08:00 ADD ImpSymbolTableRecord 24B
2026-09-20T21:45:20.5782261+08:00 MOD ImpSymbolTableRecord 24B
2026-09-20T21:45:20.5782261+08:00 ADD ImpSymbolTableRecord 24C
2026-09-20T21:45:20.5782261+08:00 MOD ImpSymbolTableRecord 24C
2026-09-20T21:45:20.5839393+08:00 MOD Layout 1C8
2026-09-20T21:45:20.5854537+08:00 ADD Viewport 24A
2026-09-20T21:45:20.5854537+08:00 MOD Viewport 24A
2026-09-20T21:45:20.5864615+08:00 MOD Layout 1C8
2026-09-20T21:45:20.6652158+08:00 ADD DBDictionary 24D
2026-09-20T21:45:20.6652158+08:00 MOD DBDictionary 24D
2026-09-20T21:45:20.6652158+08:00 MOD DBDictionary 24D
2026-09-20T21:45:20.6667415+08:00 ADD ImpDBObject 24E
2026-09-20T21:45:20.6667415+08:00 MOD ImpDBObject 24E
2026-09-20T21:45:21.1089738+08:00 MOD Layout 22
2026-09-20T21:45:21.1104957+08:00 MOD Layout 22
2026-09-20T21:45:21.1481786+08:00 MOD ViewportTableRecord 1BA
2026-09-20T21:45:21.1509782+08:00 PLOT False 对象的当前状态使该操作无效。
2026-09-20T21:45:21.1525134+08:00 AFTER KPG/mcFIgI9bs7QwZoNo5t8H0BtvRaa3IqQ+e59uzDI=
2026-09-20T21:45:21.1525134+08:00 FAIL System.InvalidOperationException: 输出后来源核验失败：原图、外参会话或修改记录已变化。 已生成文件保留供检查，本页不记为成功、不参与自动合并；请重新建立完整批次。 ---> System.InvalidOperationException: 原图、外参会话或修改记录已变化。
   在 FastBatchPlot.CadBridge.CadPageConsistency.Verify()
   --- 内部异常堆栈跟踪的结尾 ---
   在 FastBatchPlot.CadBridge.CadPageConsistency.Verify()
   在 Phase43Probe.Run()
2026-09-20T21:45:21.1525134+08:00 BEGIN 布局2
2026-09-20T21:45:21.1571263+08:00 BEFORE jvJjC+AS5yklFoO0i/6O6pv1U2ernkXGmV8J06Jvrx4=
2026-09-20T21:45:21.1571263+08:00 MOD Layout 1CD
2026-09-20T21:45:21.1571263+08:00 MOD Layout 1C8
2026-09-20T21:45:21.1571263+08:00 MOD Layout 1CD
2026-09-20T21:45:21.1617187+08:00 MOD Layout 1CD
2026-09-20T21:45:21.1617187+08:00 MOD Layout 1CD
2026-09-20T21:45:21.1632620+08:00 ADD ImpSymbolTableRecord 251
2026-09-20T21:45:21.1632620+08:00 MOD ImpSymbolTableRecord 251
2026-09-20T21:45:21.1632620+08:00 ADD ImpSymbolTableRecord 252
2026-09-20T21:45:21.1632620+08:00 MOD ImpSymbolTableRecord 252
2026-09-20T21:45:21.1632620+08:00 MOD Layout 1CD
2026-09-20T21:45:21.1642747+08:00 ADD Viewport 250
2026-09-20T21:45:21.1642747+08:00 MOD Viewport 250
2026-09-20T21:45:21.1647854+08:00 MOD Layout 1CD
2026-09-20T21:45:21.6796254+08:00 MOD Layout 22
2026-09-20T21:45:21.6826647+08:00 MOD Layout 22
2026-09-20T21:45:21.7205763+08:00 MOD ViewportTableRecord 1BA
2026-09-20T21:45:21.7220960+08:00 PLOT False 对象的当前状态使该操作无效。
2026-09-20T21:45:21.7220960+08:00 AFTER wHyAZjKUweqQZKGZyP6JZsHma5eRhn9zXxavZ8q5QNY=
2026-09-20T21:45:21.7236312+08:00 FAIL System.InvalidOperationException: 输出后来源核验失败：原图、外参会话或修改记录已变化。 已生成文件保留供检查，本页不记为成功、不参与自动合并；请重新建立完整批次。 ---> System.InvalidOperationException: 原图、外参会话或修改记录已变化。
   在 FastBatchPlot.CadBridge.CadPageConsistency.Verify()
   --- 内部异常堆栈跟踪的结尾 ---
   在 FastBatchPlot.CadBridge.CadPageConsistency.Verify()
   在 Phase43Probe.Run()
2026-09-20T21:45:21.7251733+08:00 DONE layout=Model
2026-09-20T22:06:28.0715032+08:00 FATAL System.InvalidOperationException: 测试入口只允许本次独立测试图。
   在 Phase43Probe.Run()
2026-09-20T22:07:17.9292014+08:00 DEVICES None | 导出为WPS PDF | ZWCAD Virtual Eps Plotter 1.0 | OneNote for Windows 10 | RICOH IM C4500 PCL 6 | RICOH IM C3000 PCL 6 | OneNote (Desktop) | Microsoft XPS Document Writer | Microsoft Print to PDF | IM C3000  创新中心 | HwPrinter | Fax | 6楼东彩机C3503 | 6楼东MP 3054_1 | 6F西MP 5054 | 6F西 租赁事业部 2554 | Default Windows System Printer | DWF6 ePlot.pc5 | DWFx ePlot (XPS Compatible).pc5 | DWG to PDF.pc5 | M_PDF.pc5 | SVG.pc5 | ZWCAD PDF(General Documentation).pc5 | ZWCAD PDF(High Quality Print).pc5 | ZWCAD PDF(Smallest File).pc5 | ZWCAD PDF(Web and Mobile).pc5 | ZWCAD Virtual JPEG Plotter.pc5 | ZWCAD Virtual PNG Plotter.pc5 | ZWPLOT_DWF.pc5 | ZWPLOT_EPS.pc5 | ZWPLOT_JPG.pc5 | ZWPLOT_PDF.pc5 | ZWPLOT_PNG.pc5
2026-09-20T22:07:17.9307192+08:00 STYLES Monochrome.stb | zwcad-Color.stb | zwcad.stb | Grayscale.ctb | Monochrome.ctb | zwcad.ctb | 彩色.ctb | 蓝白.ctb | 黑白.ctb
2026-09-20T22:07:17.9314088+08:00 DEVICE DWG to PDF.pc5
2026-09-20T22:07:17.9319352+08:00 BEGIN Model
2026-09-20T22:07:17.9375286+08:00 BEFORE RUUjigfjdCwQ241UyZioS7UdVFdhRal1gny+liYek48=
2026-09-20T22:07:18.3519589+08:00 FIRST System.InvalidOperationException: 对象的当前状态使该操作无效。
   在 ZwSoft.ZwCAD.Runtime.DisposableWrapper.Attach(IntPtr unmanagedPointer, Boolean autoDelete)
   在 ZwSoft.ZwCAD.PlottingServices.PlotConfig..ctor(IntPtr unmanagedPointer, Boolean autoDelete)
   在 ZwSoft.ZwCAD.PlottingServices.PlotInfo.get_ValidatedConfig()
   在 FastBatchPlot.ZWCAD.ZwCadPlotEngine.ExecutePlot(PlotFrame frame, PlotConfig config, String outputFilePath, Boolean toPrinter, Boolean preview, PlotPreviewOutcome& previewOutcome, String& errorMessage)
2026-09-20T22:07:18.3535051+08:00 MOD ViewportTableRecord 1BA
2026-09-20T22:07:18.3550546+08:00 PLOT False 对象的当前状态使该操作无效。
2026-09-20T22:07:18.3550546+08:00 AFTER SO9GRJo9mrDFR/cCsz5ye6qYSPowMeog23o+Ke6/eJw=
2026-09-20T22:07:18.3550546+08:00 VERIFY SKIPPED: plot failed
2026-09-20T22:07:18.3550546+08:00 BEGIN 布局1
2026-09-20T22:07:18.3597319+08:00 BEFORE UImsU6kT/0Ot3qrTgxF5XE2HjlxPmfedZy4IN4eI8Y4=
2026-09-20T22:07:18.3783958+08:00 MOD Layout 1C8
2026-09-20T22:07:18.3783958+08:00 MOD Layout 1C8
2026-09-20T22:07:18.3814367+08:00 MOD Layout 1C8
2026-09-20T22:07:18.3824455+08:00 MOD Layout 1C8
2026-09-20T22:07:18.3829486+08:00 ADD ImpSymbolTableRecord 24C
2026-09-20T22:07:18.3829486+08:00 MOD ImpSymbolTableRecord 24C
2026-09-20T22:07:18.3829486+08:00 ADD ImpSymbolTableRecord 24D
2026-09-20T22:07:18.3829486+08:00 MOD ImpSymbolTableRecord 24D
2026-09-20T22:07:18.3829486+08:00 MOD Layout 1C8
2026-09-20T22:07:18.3829486+08:00 ADD Viewport 24B
2026-09-20T22:07:18.3844610+08:00 MOD Viewport 24B
2026-09-20T22:07:18.3844610+08:00 MOD Layout 1C8
2026-09-20T22:07:18.4530404+08:00 ADD DBDictionary 24E
2026-09-20T22:07:18.4530404+08:00 MOD DBDictionary 24E
2026-09-20T22:07:18.4544417+08:00 MOD DBDictionary 24E
2026-09-20T22:07:18.4544417+08:00 ADD ImpDBObject 24F
2026-09-20T22:07:18.4544417+08:00 MOD ImpDBObject 24F
2026-09-20T22:07:18.9076270+08:00 FIRST System.InvalidOperationException: 对象的当前状态使该操作无效。
   在 ZwSoft.ZwCAD.Runtime.DisposableWrapper.Attach(IntPtr unmanagedPointer, Boolean autoDelete)
   在 ZwSoft.ZwCAD.PlottingServices.PlotConfig..ctor(IntPtr unmanagedPointer, Boolean autoDelete)
   在 ZwSoft.ZwCAD.PlottingServices.PlotInfo.get_ValidatedConfig()
   在 FastBatchPlot.ZWCAD.ZwCadPlotEngine.ExecutePlot(PlotFrame frame, PlotConfig config, String outputFilePath, Boolean toPrinter, Boolean preview, PlotPreviewOutcome& previewOutcome, String& errorMessage)
2026-09-20T22:07:18.9076270+08:00 MOD Layout 22
2026-09-20T22:07:18.9091386+08:00 MOD Layout 22
2026-09-20T22:07:18.9631818+08:00 MOD ViewportTableRecord 1BA
2026-09-20T22:07:18.9647272+08:00 PLOT False 对象的当前状态使该操作无效。
2026-09-20T22:07:18.9647272+08:00 AFTER zdG2AW7PItRbPGEOUVyCFtGlAUt3VFwrOW5C4NWjJEE=
2026-09-20T22:07:18.9647272+08:00 VERIFY SKIPPED: plot failed
2026-09-20T22:07:18.9663010+08:00 BEGIN 布局2
2026-09-20T22:07:18.9693283+08:00 BEFORE fj/nazPCMNNJHyjBAiV4kSNPpYOmrxbSisAHsw5ZY0w=
2026-09-20T22:07:18.9708655+08:00 MOD Layout 1CD
2026-09-20T22:07:18.9708655+08:00 MOD Layout 1C8
2026-09-20T22:07:18.9708655+08:00 MOD Layout 1CD
2026-09-20T22:07:18.9736903+08:00 MOD Layout 1CD
2026-09-20T22:07:18.9736903+08:00 MOD Layout 1CD
2026-09-20T22:07:18.9752231+08:00 ADD ImpSymbolTableRecord 252
2026-09-20T22:07:18.9752231+08:00 MOD ImpSymbolTableRecord 252
2026-09-20T22:07:18.9752231+08:00 ADD ImpSymbolTableRecord 253
2026-09-20T22:07:18.9752231+08:00 MOD ImpSymbolTableRecord 253
2026-09-20T22:07:18.9752231+08:00 MOD Layout 1CD
2026-09-20T22:07:18.9762292+08:00 ADD Viewport 251
2026-09-20T22:07:18.9762292+08:00 MOD Viewport 251
2026-09-20T22:07:18.9767339+08:00 MOD Layout 1CD
2026-09-20T22:07:19.5466473+08:00 FIRST System.InvalidOperationException: 对象的当前状态使该操作无效。
   在 ZwSoft.ZwCAD.Runtime.DisposableWrapper.Attach(IntPtr unmanagedPointer, Boolean autoDelete)
   在 ZwSoft.ZwCAD.PlottingServices.PlotConfig..ctor(IntPtr unmanagedPointer, Boolean autoDelete)
   在 ZwSoft.ZwCAD.PlottingServices.PlotInfo.get_ValidatedConfig()
   在 FastBatchPlot.ZWCAD.ZwCadPlotEngine.ExecutePlot(PlotFrame frame, PlotConfig config, String outputFilePath, Boolean toPrinter, Boolean preview, PlotPreviewOutcome& previewOutcome, String& errorMessage)
2026-09-20T22:07:19.5481719+08:00 MOD Layout 22
2026-09-20T22:07:19.5512455+08:00 MOD Layout 22
2026-09-20T22:07:19.6106862+08:00 MOD ViewportTableRecord 1BA
2026-09-20T22:07:19.6122087+08:00 PLOT False 对象的当前状态使该操作无效。
2026-09-20T22:07:19.6137261+08:00 AFTER EbdzQOGJrgnM/9s8PdufPORTF4AOn1Krq83tru0Wm8E=
2026-09-20T22:07:19.6137261+08:00 VERIFY SKIPPED: plot failed
2026-09-20T22:07:19.6137261+08:00 DONE layout=Model
